=== Math and Variables Tests ===

10 + 3 =13
10 - 3 =7
10 * 3 =30
10 / 3 =3.33
10 MOD 3 =1
10 ^ 2 =100

INT(7.9) =7
INT(-7.9) =-8
ABS(-42) =42
SGN(-5) =-1
SGN(0) =0
SGN(5) =1

SQR(144) =12
LOG(1) =0

Concat: Hello World
LEN =11
LEFT$ =Hello
RIGHT$ =World
MID$ =lo Wo

STR$(42) = [42]
VAL(123.5) =123.5
CHR$(65) =A

UCASE$ =HELLO WORLD
LCASE$ =hello world

All math/variable tests passed!
